Using CPython 3.13.2
Creating virtual environment at: .venv
Resolved 91 packages in 0.54ms
Downloading scipy (33.6MiB)
Downloading numpy (15.9MiB)
Downloading pillow (6.8MiB)
Downloading tokenizers (3.1MiB)
Downloading torchvision (6.9MiB)
Downloading nvidia-cusparse-cu12 (197.8MiB)
Downloading sympy (5.9MiB)
Downloading nvidia-cufft-cu12 (201.7MiB)
Downloading pygments (1.2MiB)
Downloading hf-xet (4.3MiB)
Downloading opencv-python (69.5MiB)
Downloading brotli (1.4MiB)
Downloading triton (241.4MiB)
Downloading nvidia-cusolver-cu12 (122.0MiB)
Downloading networkx (2.0MiB)
Downloading gradio (19.2MiB)
Downloading pandas (10.4MiB)
Downloading nvidia-cuda-nvrtc-cu12 (23.5MiB)
Downloading transformers (10.3MiB)
Downloading pydantic-core (2.0MiB)
Downloading nvidia-cudnn-cu12 (634.0MiB)
Downloading nvidia-curand-cu12 (53.7MiB)
Downloading nvidia-cusparselt-cu12 (143.1MiB)
Downloading nvidia-cuda-cupti-cu12 (13.2MiB)
Downloading opencv-python-headless (57.6MiB)
Downloading nvidia-cublas-cu12 (346.6MiB)
Downloading nvidia-nccl-cu12 (179.9MiB)
Downloading torch (732.8MiB)
Downloading nvidia-nvjitlink-cu12 (20.1MiB)
 Downloaded torchvision
 Downloaded pygments
 Downloaded brotli
 Downloaded networkx
 Downloaded pydantic-core
 Downloaded tokenizers
 Downloaded hf-xet
 Downloaded sympy
 Downloaded pillow
 Downloaded torch
 Downloaded pandas
 Downloaded transformers
 Downloaded nvidia-cuda-cupti-cu12
 Downloaded numpy
 Downloaded gradio
 Downloaded nvidia-nvjitlink-cu12
 Downloaded nvidia-cuda-nvrtc-cu12
 Downloaded scipy
 Downloaded nvidia-curand-cu12
 Downloaded opencv-python-headless
 Downloaded opencv-python
 Downloaded nvidia-cusolver-cu12
 Downloaded nvidia-cusparselt-cu12
 Downloaded nvidia-nccl-cu12
 Downloaded nvidia-cusparse-cu12
 Downloaded nvidia-cufft-cu12
 Downloaded triton
 Downloaded nvidia-cublas-cu12
 Downloaded nvidia-cudnn-cu12
Prepared 81 packages in 1m 18s
Installed 81 packages in 199ms
 + accelerate==1.13.0
 + annotated-doc==0.0.4
 + annotated-types==0.7.0
 + anyio==4.13.0
 + audioop-lts==0.2.2
 + brotli==1.2.0
 + certifi==2026.5.20
 + click==8.4.1
 + fastapi==0.136.3
 + filelock==3.29.0
 + fire==0.7.1
 + fsspec==2026.4.0
 + gradio==6.15.1
 + gradio-client==2.5.0
 + groovy==0.1.2
 + h11==0.16.0
 + hf-gradio==0.4.1
 + hf-xet==1.5.0
 + httpcore==1.0.9
 + httpx==0.28.1
 + huggingface-hub==1.16.4
 + idna==3.16
 + jinja2==3.1.6
 + markdown-it-py==4.2.0
 + markupsafe==3.0.3
 + mdurl==0.1.2
 + mpmath==1.3.0
 + networkx==3.6.1
 + numpy==2.4.6
 + nvidia-cublas-cu12==12.4.5.8
 + nvidia-cuda-cupti-cu12==12.4.127
 + nvidia-cuda-nvrtc-cu12==12.4.127
 + nvidia-cuda-runtime-cu12==12.4.127
 + nvidia-cudnn-cu12==9.1.0.70
 + nvidia-cufft-cu12==11.2.1.3
 + nvidia-curand-cu12==10.3.5.147
 + nvidia-cusolver-cu12==11.6.1.9
 + nvidia-cusparse-cu12==12.3.1.170
 + nvidia-cusparselt-cu12==0.6.2
 + nvidia-nccl-cu12==2.21.5
 + nvidia-nvjitlink-cu12==12.4.127
 + nvidia-nvtx-cu12==12.4.127
 + opencv-python==4.13.0.92
 + opencv-python-headless==4.13.0.92
 + orjson==3.11.9
 + packaging==26.2
 + pandas==3.0.3
 + pillow==12.2.0
 + psutil==7.2.2
 + pydantic==2.13.4
 + pydantic-core==2.46.4
 + pydub==0.25.1
 + pygments==2.20.0
 + python-dateutil==2.9.0.post0
 + python-multipart==0.0.29
 + pytz==2026.2
 + pyyaml==6.0.3
 + regex==2026.5.9
 + rich==15.0.0
 + safehttpx==0.1.7
 + safetensors==0.7.0
 + scipy==1.17.1
 + semantic-version==2.10.0
 + setuptools==82.0.1
 + shellingham==1.5.4
 + simple-lama-inpainting==0.1.0
 + six==1.17.0
 + starlette==1.1.0
 + sympy==1.13.1
 + termcolor==3.3.0
 + tokenizers==0.22.2
 + tomlkit==0.14.0
 + torch==2.6.0+cu124
 + torchvision==0.21.0+cu124
 + tqdm==4.67.3
 + transformers==5.9.0
 + triton==3.2.0
 + typer==0.25.1
 + typing-extensions==4.15.0
 + typing-inspection==0.4.2
 + uvicorn==0.48.0
